// Jest Snapshot v1, https://goo.gl/fbAQLP

exports[`Testing Home Screen should render the screen 1`] = `
<RCTSafeAreaView
  emulateUnlessSupported={true}
  style={
    Array [
      Object {
        "alignItems": "center",
        "backgroundColor": "#fff",
        "flexBasis": 0,
        "flexGrow": 1,
        "flexShrink": 1,
        "justifyContent": "center",
      },
    ]
  }
>
  <Text
    style={
      Array [
        Object {
          "color": "rgba(0, 0, 0, 0.87)",
          "fontFamily": "Montserrat-Regular",
        },
      ]
    }
  >
    Welcome to Home Screen!
  </Text>
  <View
    style={
      Array [
        Object {},
      ]
    }
  >
    <Text
      style={
        Array [
          Object {
            "color": "rgba(0, 0, 0, 0.87)",
            "fontFamily": "Montserrat-Medium",
          },
        ]
      }
    >
      Loading
    </Text>
  </View>
  <View
    style={
      Array [
        Object {},
      ]
    }
  >
    <Text
      style={
        Array [
          Object {
            "color": "rgba(0, 0, 0, 0.6)",
            "fontFamily": "Montserrat-Regular",
            "fontSize": 24,
            "textAlign": "center",
          },
        ]
      }
    >
      Hello World
    </Text>
  </View>
  <View
    style={
      Array [
        Object {},
      ]
    }
  >
    <View
      style={
        Array [
          Object {
            "alignItems": "center",
            "flexDirection": "row",
            "justifyContent": "space-around",
            "paddingTop": 20,
          },
        ]
      }
    >
      <View
        accessible={true}
        focusable={true}
        onClick={[Function]}
        onResponderGrant={[Function]}
        onResponderMove={[Function]}
        onResponderRelease={[Function]}
        onResponderTerminate={[Function]}
        onResponderTerminationRequest={[Function]}
        onStartShouldSetResponder={[Function]}
        style={
          Object {
            "backgroundColor": "#1976d2",
            "borderRadius": 16,
            "opacity": 1,
            "paddingBottom": 5,
            "paddingLeft": 15,
            "paddingRight": 15,
            "paddingTop": 5,
          }
        }
      >
        <Text
          style={
            Array [
              Object {
                "color": "#fff",
                "fontFamily": "Montserrat-SemiBold",
                "fontSize": 16,
                "textAlign": "center",
              },
            ]
          }
        >
          -
        </Text>
      </View>
      <Text
        style={
          Array [
            Object {
              "color": "rgba(0, 0, 0, 0.87)",
              "fontFamily": "Montserrat-SemiBold",
              "fontSize": 24,
            },
          ]
        }
      >
        0
      </Text>
      <View
        accessible={true}
        focusable={true}
        onClick={[Function]}
        onResponderGrant={[Function]}
        onResponderMove={[Function]}
        onResponderRelease={[Function]}
        onResponderTerminate={[Function]}
        onResponderTerminationRequest={[Function]}
        onStartShouldSetResponder={[Function]}
        style={
          Object {
            "backgroundColor": "#1976d2",
            "borderRadius": 16,
            "opacity": 1,
            "paddingBottom": 5,
            "paddingLeft": 15,
            "paddingRight": 15,
            "paddingTop": 5,
          }
        }
      >
        <Text
          style={
            Array [
              Object {
                "color": "#fff",
                "fontFamily": "Montserrat-SemiBold",
                "fontSize": 16,
                "textAlign": "center",
              },
            ]
          }
        >
          +
        </Text>
      </View>
    </View>
    <View
      accessibilityState={
        Object {
          "disabled": true,
        }
      }
      accessible={true}
      focusable={true}
      onClick={[Function]}
      onResponderGrant={[Function]}
      onResponderMove={[Function]}
      onResponderRelease={[Function]}
      onResponderTerminate={[Function]}
      onResponderTerminationRequest={[Function]}
      onStartShouldSetResponder={[Function]}
      style={
        Object {
          "backgroundColor": "#1976d2",
          "borderRadius": 16,
          "marginTop": 20,
          "opacity": 1,
          "paddingBottom": 5,
          "paddingLeft": 15,
          "paddingRight": 15,
          "paddingTop": 5,
        }
      }
    >
      <Text
        style={
          Array [
            Object {
              "color": "#fff",
              "fontFamily": "Montserrat-SemiBold",
              "fontSize": 16,
              "textAlign": "center",
            },
          ]
        }
      >
        Loading
      </Text>
    </View>
  </View>
</RCTSafeAreaView>
`;
