// Jest Snapshot v1, https://goo.gl/fbAQLP

exports[`Testing Counter component should render the component 1`] = `
<View
  style={
    Array [
      Object {},
    ]
  }
>
  <View
    style={
      Array [
        Object {
          "alignItems": "center",
          "flexDirection": "row",
          "justifyContent": "space-around",
          "paddingTop": 20,
        },
      ]
    }
  >
    <View
      accessible={true}
      collapsable={false}
      focusable={true}
      nativeID="animatedComponent"
      onClick={[Function]}
      onResponderGrant={[Function]}
      onResponderMove={[Function]}
      onResponderRelease={[Function]}
      onResponderTerminate={[Function]}
      onResponderTerminationRequest={[Function]}
      onStartShouldSetResponder={[Function]}
      style={
        Object {
          "backgroundColor": "#1976d2",
          "borderRadius": 16,
          "opacity": 1,
          "paddingBottom": 5,
          "paddingLeft": 15,
          "paddingRight": 15,
          "paddingTop": 5,
        }
      }
    >
      <Text
        style={
          Array [
            Object {
              "color": "#fff",
              "fontFamily": "Montserrat-SemiBold",
              "fontSize": 16,
              "textAlign": "center",
            },
          ]
        }
      >
        -
      </Text>
    </View>
    <Text
      style={
        Array [
          Object {
            "color": "rgba(0, 0, 0, 0.87)",
            "fontFamily": "Montserrat-SemiBold",
            "fontSize": 24,
          },
        ]
      }
    >
      0
    </Text>
    <View
      accessible={true}
      collapsable={false}
      focusable={true}
      nativeID="animatedComponent"
      onClick={[Function]}
      onResponderGrant={[Function]}
      onResponderMove={[Function]}
      onResponderRelease={[Function]}
      onResponderTerminate={[Function]}
      onResponderTerminationRequest={[Function]}
      onStartShouldSetResponder={[Function]}
      style={
        Object {
          "backgroundColor": "#1976d2",
          "borderRadius": 16,
          "opacity": 1,
          "paddingBottom": 5,
          "paddingLeft": 15,
          "paddingRight": 15,
          "paddingTop": 5,
        }
      }
    >
      <Text
        style={
          Array [
            Object {
              "color": "#fff",
              "fontFamily": "Montserrat-SemiBold",
              "fontSize": 16,
              "textAlign": "center",
            },
          ]
        }
      >
        +
      </Text>
    </View>
  </View>
  <View
    accessibilityState={
      Object {
        "disabled": false,
      }
    }
    accessible={true}
    collapsable={false}
    focusable={true}
    nativeID="animatedComponent"
    onClick={[Function]}
    onResponderGrant={[Function]}
    onResponderMove={[Function]}
    onResponderRelease={[Function]}
    onResponderTerminate={[Function]}
    onResponderTerminationRequest={[Function]}
    onStartShouldSetResponder={[Function]}
    style={
      Object {
        "backgroundColor": "#1976d2",
        "borderRadius": 16,
        "marginTop": 20,
        "opacity": 1,
        "paddingBottom": 5,
        "paddingLeft": 15,
        "paddingRight": 15,
        "paddingTop": 5,
      }
    }
  >
    <Text
      style={
        Array [
          Object {
            "color": "#fff",
            "fontFamily": "Montserrat-SemiBold",
            "fontSize": 16,
            "textAlign": "center",
          },
        ]
      }
    >
      Increment Async
    </Text>
  </View>
</View>
`;
